<?xml version="1.0" encoding="utf-8"?><testsuites><testsuite name="pytest" errors="0" failures="0" skipped="0" tests="3" time="0.042" timestamp="2024-08-24T20:25:40.770140-05:00" hostname="LEGION5PRO"><testcase classname="src.domain.entities.click_test" name="test_click_from_dict" time="0.001" /><testcase classname="src.domain.entities.url_test" name="test_url_from_dict" time="0.001" /><testcase classname="src.domain.entities.user_test" name="test_user_from_dict" time="0.000" /></testsuite></testsuites>